// Jest Snapshot v1, https://goo.gl/fbAQLP

exports[`Cart component Match the snapshot 1`] = `
<div
  className="Cartstyles__Root-sc-1w7brp9-0 igDYJn"
>
  <div
    className="Cartstyles__SubRoot-sc-1w7brp9-1 iREviS"
  >
    <div
      className="Cartstyles__TitleContainer-sc-1w7brp9-2 akCMy"
    >
      <h4>
         Cart 
      </h4>
    </div>
    <div
      className="Cartstyles__ItemsContainer-sc-1w7brp9-3 gLwdwf"
    >
      <div
        className="Cartstyles__Item-sc-1w7brp9-4 ZigIW"
        data-testid="product"
      >
        <span
          style={
            Object {
              "background": "none",
              "border": 0,
              "boxSizing": "border-box",
              "display": "inline-block",
              "height": "initial",
              "margin": 0,
              "maxWidth": "100%",
              "opacity": 1,
              "overflow": "hidden",
              "padding": 0,
              "position": "relative",
              "width": "initial",
            }
          }
        >
          <span
            style={
              Object {
                "background": "none",
                "border": 0,
                "boxSizing": "border-box",
                "display": "block",
                "height": "initial",
                "margin": 0,
                "maxWidth": "100%",
                "opacity": 1,
                "padding": 0,
                "width": "initial",
              }
            }
          >
            <img
              alt=""
              aria-hidden={true}
              src="data:image/svg+xml;base64,PHN2ZyB3aWR0aD0iNTAiIGhlaWdodD0iNTAiIHhtbG5zPSJodHRwOi8vd3d3LnczLm9yZy8yMDAwL3N2ZyIgdmVyc2lvbj0iMS4xIi8+"
              style={
                Object {
                  "background": "none",
                  "border": 0,
                  "display": "block",
                  "height": "initial",
                  "margin": 0,
                  "maxWidth": "100%",
                  "opacity": 1,
                  "padding": 0,
                  "width": "initial",
                }
              }
            />
          </span>
          <img
            alt="product"
            data-nimg="intrinsic"
            decoding="async"
            src="data:image/gif;base64,R0lGODlhAQABAIAAAAAAAP///yH5BAEAAAAALAAAAAABAAEAAAIBRAA7"
            style={
              Object {
                "border": "none",
                "bottom": 0,
                "boxSizing": "border-box",
                "display": "block",
                "height": 0,
                "left": 0,
                "margin": "auto",
                "maxHeight": "100%",
                "maxWidth": "100%",
                "minHeight": "100%",
                "minWidth": "100%",
                "objectFit": undefined,
                "objectPosition": undefined,
                "padding": 0,
                "position": "absolute",
                "right": 0,
                "top": 0,
                "width": 0,
              }
            }
          />
          <noscript>
            <img
              alt="product"
              data-nimg="intrinsic"
              decoding="async"
              loading="lazy"
              src="/_next/image?url=%2Fimage-product-1-thumbnail.jpg&w=128&q=75"
              srcSet="/_next/image?url=%2Fimage-product-1-thumbnail.jpg&w=64&q=75 1x, /_next/image?url=%2Fimage-product-1-thumbnail.jpg&w=128&q=75 2x"
              style={
                Object {
                  "border": "none",
                  "bottom": 0,
                  "boxSizing": "border-box",
                  "display": "block",
                  "height": 0,
                  "left": 0,
                  "margin": "auto",
                  "maxHeight": "100%",
                  "maxWidth": "100%",
                  "minHeight": "100%",
                  "minWidth": "100%",
                  "objectFit": undefined,
                  "objectPosition": undefined,
                  "padding": 0,
                  "position": "absolute",
                  "right": 0,
                  "top": 0,
                  "width": 0,
                }
              }
            />
          </noscript>
        </span>
        <div
          className="Cartstyles__Info-sc-1w7brp9-6 lbpJcv"
        >
          <div
            className="info"
          >
            <h4>
               Fall Limited Edition Sneakers 
            </h4>
            <p>
              $125.00 x 
              1
               
              <span>
                 $
                125
                 
              </span>
            </p>
          </div>
          <div
            className="delete"
          >
            <svg
              color="grey"
              fill="currentColor"
              height={20}
              onClick={[Function]}
              stroke="currentColor"
              strokeWidth="0"
              style={
                Object {
                  "color": "grey",
                  "cursor": "pointer",
                }
              }
              viewBox="0 0 24 24"
              width={20}
              xmlns="http://www.w3.org/2000/svg"
            >
              <path
                d="M0 0h24v24H0V0z"
                fill="none"
              />
              <path
                d="M16 9v10H8V9h8m-1.5-6h-5l-1 1H5v2h14V4h-3.5l-1-1zM18 7H6v12c0 1.1.9 2 2 2h8c1.1 0 2-.9 2-2V7z"
              />
            </svg>
          </div>
        </div>
      </div>
    </div>
    <button
      className="Cartstyles__Button-sc-1w7brp9-7 fLpqnN"
    >
      Checkout
    </button>
  </div>
</div>
`;
